
> react-kavia@0.1.0 start
> cross-env EDIT_MODE=true webpack serve --config .ve/webpack.config.js --mode development

<i> [webpack-dev-server] Project is running at:
<i> [webpack-dev-server] Loopback: http://localhost:3000/, http://[::1]:3000/
<i> [webpack-dev-server] On Your Network (IPv4): http://172.17.0.2:3000/
<i> [webpack-dev-server] Content not from webpack is served from './public' directory
Injecting EditorRootWrapper import: ../.ve/EditorRootWrapper
asset bundle.js 1.5 MiB [emitted] (name: main)
asset index.html 1.98 KiB [emitted]
runtime modules 27.5 KiB 14 modules
cacheable modules 1.34 MiB
  modules by path ./node_modules/ 1.24 MiB 31 modules
  modules by path ./src/ 85.6 KiB
    modules by path ./src/components/*.js 68.1 KiB 11 modules
    modules by path ./src/*.css 12.6 KiB 6 modules
    modules by path ./src/*.js 5.01 KiB
      ./src/index.js 530 bytes [built] [code generated]
      ./src/App.js 4.5 KiB [built] [code generated]
  modules by path ./.ve/ 15.1 KiB
    modules by path ./.ve/*.js 10.6 KiB 2 modules
    modules by path ./.ve/*.css 2.93 KiB 2 modules
    ./.ve/EditorOverlay.jsx 1.58 KiB [built] [code generated]
webpack 5.99.9 compiled successfully in 1452 ms
assets by status 1.98 KiB [cached] 1 asset
assets by path *.js 1.55 MiB
  asset bundle.js 1.52 MiB [emitted] (name: main)
  asset main.239378744ccbdf4fc5b5.hot-update.js 29.8 KiB [emitted] [immutable] [hmr] (name: main)
asset main.239378744ccbdf4fc5b5.hot-update.json 28 bytes [emitted] [immutable] [hmr]
Entrypoint main 1.55 MiB = bundle.js 1.52 MiB main.239378744ccbdf4fc5b5.hot-update.js 29.8 KiB
cached modules 1.33 MiB [cached] 54 modules
runtime modules 27.5 KiB 14 modules
javascript modules 20.2 KiB
  ./src/App.js 6.5 KiB [built] [code generated]
  ./src/components/AccountSettingsSection.js 13.7 KiB [built] [code generated]
webpack 5.99.9 compiled successfully in 150 ms
